// Jest Snapshot v1, https://goo.gl/fbAQLP

exports[`Home Renders snapshot 1`] = `
<div>
  <div>
    <main>
      <a
        href="/about"
      >
        About
      </a>
    </main>
  </div>
</div>
`;
